// Vitest Snapshot v1, https://vitest.dev/guide/snapshot.html

exports[`App component > renders monkeyss 1`] = `
<div>
  <button
    type="button"
  >
    Click Me
  </button>
  <h1>
    Monkeyss
  </h1>
</div>
`;
